
> cca_frontend_2@0.1.0 build
> next build

node.exe :  ΓÜá Attempted to load 
@next/swc-win32-x64-msvc, but an error 
occurred: \\?\C:\Users\HP\Downloads\pasc-c
ca-project\PASC_CCA_Frontend_2025\node_mod
ules\@next\swc-win32-x64-msvc\next-swc.win
32-x64-msvc.node is not a valid Win32 
application.
At line:1 char:1
+ & "C:\Program Files\nodejs/node.exe" 
"C:\Program Files\nodejs/node_mo ...
+ ~~~~~~~~~~~~~~~~~~~~~~~~~~~~~~~~~~~~~~~~
~~~~~~~~~~~~~~~~~~~~~~~~~~~~~
    + CategoryInfo          : NotSpecifie 
   d: ( ΓÜá Attempted ...32 application.  
  :String) [], RemoteException
    + FullyQualifiedErrorId : NativeComma 
   ndError
 
\\?\C:\Users\HP\Downloads\pasc-cca-project
\PASC_CCA_Frontend_2025\node_modules\@next
\swc-win32-x64-msvc\next-swc.win32-x64-msv
c.node
   Γû▓ Next.js 15.3.3
   - Environments: .env.local

   Creating an optimized production build ...
 ΓÜá Attempted to load 
@next/swc-win32-x64-msvc, but an error 
occurred: \\?\C:\Users\HP\Downloads\pasc-c
ca-project\PASC_CCA_Frontend_2025\node_mod
ules\@next\swc-win32-x64-msvc\next-swc.win
32-x64-msvc.node is not a valid Win32 
application.
\\?\C:\Users\HP\Downloads\pasc-cca-project
\PASC_CCA_Frontend_2025\node_modules\@next
\swc-win32-x64-msvc\next-swc.win32-x64-msv
c.node
 ΓÜá Attempted to load 
@next/swc-win32-x64-msvc, but an error 
occurred: \\?\C:\Users\HP\Downloads\pasc-c
ca-project\PASC_CCA_Frontend_2025\node_mod
ules\@next\swc-win32-x64-msvc\next-swc.win
32-x64-msvc.node is not a valid Win32 
application.
\\?\C:\Users\HP\Downloads\pasc-cca-project
\PASC_CCA_Frontend_2025\node_modules\@next
\swc-win32-x64-msvc\next-swc.win32-x64-msv
c.node
 ΓÜá Attempted to load 
@next/swc-win32-x64-msvc, but an error 
occurred: \\?\C:\Users\HP\Downloads\pasc-c
ca-project\PASC_CCA_Frontend_2025\node_mod
ules\@next\swc-win32-x64-msvc\next-swc.win
32-x64-msvc.node is not a valid Win32 
application.
\\?\C:\Users\HP\Downloads\pasc-cca-project
\PASC_CCA_Frontend_2025\node_modules\@next
\swc-win32-x64-msvc\next-swc.win32-x64-msv
c.node
 Γ£ô Compiled successfully in 4.0s
   Linting and checking validity of types ...
Failed to compile.

./src/components/admin/event-card.tsx:45:2
2
Type error: Property 'credits' does not 
exist on type 'Event'.

[0m [90m 43 |[39m             [33m<[3
9m[33m/[39m[33mp[39m[33m>[39m[0m
[0m [90m 44 |[39m             
[33m<[39m[33mp[39m 
className[33m=[39m[32m"text-sm 
text-muted-foreground"[39m[33m>[39m[0m
[0m[31m[1m>[22m[39m[90m 45 |[39m   
            {event[33m.[39mcredits} 
credits ΓÇó [33mCapacity[39m[33m:[39m 
{event[33m.[39mmaxCapacity}[0m
[0m [90m    |[39m                      
[31m[1m^[22m[39m[0m
[0m [90m 46 |[39m             [33m<[3
9m[33m/[39m[33mp[39m[33m>[39m[0m
[0m [90m 47 |[39m           [33m<[39m
[33m/[39m[33mdiv[39m[33m>[39m[0m
[0m [90m 48 |[39m           
[33m<[39m[33mdiv[39m 
className[33m=[39m[32m"flex flex-wrap 
gap-2"[39m[33m>[39m[0m
Next.js build worker exited with code: 1 
and signal: null
